LTspice 26.0.2 for Windows
Circuit: C:\GIT\DualLaserPDHDriver\Laser_Driver_v3\Simulation\pm6v_ripple_ltspice.cir
Start Time: Wed Jun  3 07:17:25 2026
solver = Normal
Maximum thread count: 20
tnom = 27
temp = 27
method = trap
Per .tran options, skipping operating point for transient analysis.
Changing Tseed to 2e-09
Changing Tseed to 2e-11
Changing Tseed to 2e-08
Changing Tseed to 2e-12
Changing Tseed to 2e-07
Changing Tseed to 2e-13
Changing Tseed to 2e-06
Total elapsed time: 0.073 seconds.

Files loaded:
C:\GIT\DualLaserPDHDriver\Laser_Driver_v3\Simulation\pm6v_ripple_ltspice.cir

Measurement "vout_avg" FAIL'ed
Measurement "vout_pp" FAIL'ed
Measurement "raw_pp" FAIL'ed
Measurement "raw_min" FAIL'ed
Measurement "rej_db" FAIL'ed
